

================================================================
== Vivado HLS Report for 'KeyExpansion'
================================================================
* Date:           Thu Jul  6 16:11:21 2023

* Version:        2019.1 (Build 2552052 on Fri May 24 15:28:33 MDT 2019)
* Project:        aes_ha_dma_prj
* Solution:       sol3
* Product family: spartan7
* Target device:  xc7s15-ftgb196-2


================================================================
== Performance Estimates
================================================================
+ Timing (ns): 
    * Summary: 
    +--------+-------+----------+------------+
    |  Clock | Target| Estimated| Uncertainty|
    +--------+-------+----------+------------+
    |ap_clk  |  10.00|     6.337|        1.25|
    +--------+-------+----------+------------+

+ Latency (clock cycles): 
    * Summary: 
    +-----+-----+-----+-----+---------+
    |  Latency  |  Interval | Pipeline|
    | min | max | min | max |   Type  |
    +-----+-----+-----+-----+---------+
    |   90|   90|   90|   90|   none  |
    +-----+-----+-----+-----+---------+

    + Detail: 
        * Instance: 
        N/A

        * Loop: 
        N/A



================================================================
== Utilization Estimates
================================================================
* Summary: 
+-----------------+---------+-------+-------+------+-----+
|       Name      | BRAM_18K| DSP48E|   FF  |  LUT | URAM|
+-----------------+---------+-------+-------+------+-----+
|DSP              |        -|      -|      -|     -|    -|
|Expression       |        -|      -|      0|  1345|    -|
|FIFO             |        -|      -|      -|     -|    -|
|Instance         |        -|      -|      -|     -|    -|
|Memory           |        1|      -|      0|     0|    -|
|Multiplexer      |        -|      -|      -|  2192|    -|
|Register         |        -|      -|   1011|     -|    -|
+-----------------+---------+-------+-------+------+-----+
|Total            |        1|      0|   1011|  3537|    0|
+-----------------+---------+-------+-------+------+-----+
|Available        |       20|     20|  16000|  8000|    0|
+-----------------+---------+-------+-------+------+-----+
|Utilization (%)  |        5|      0|      6|    44|    0|
+-----------------+---------+-------+-------+------+-----+

+ Detail: 
    * Instance: 
    N/A

    * DSP48E: 
    N/A

    * Memory: 
    +--------+-------------------+---------+---+----+-----+------+-----+------+-------------+
    | Memory |       Module      | BRAM_18K| FF| LUT| URAM| Words| Bits| Banks| W*Bits*Banks|
    +--------+-------------------+---------+---+----+-----+------+-----+------+-------------+
    |sbox_U  |KeyExpansion_sbox  |        1|  0|   0|    0|   256|    8|     1|         2048|
    +--------+-------------------+---------+---+----+-----+------+-----+------+-------------+
    |Total   |                   |        1|  0|   0|    0|   256|    8|     1|         2048|
    +--------+-------------------+---------+---+----+-----+------+-----+------+-------------+

    * FIFO: 
    N/A

    * Expression: 
    +-------------------------+----------+-------+---+----+------------+------------+
    |      Variable Name      | Operation| DSP48E| FF| LUT| Bitwidth P0| Bitwidth P1|
    +-------------------------+----------+-------+---+----+------------+------------+
    |grp_fu_2459_p2           |    xor   |      0|  0|   8|           8|           8|
    |xor_ln231_1_fu_2797_p2   |    xor   |      0|  0|   8|           8|           4|
    |xor_ln231_2_fu_3010_p2   |    xor   |      0|  0|   8|           8|           6|
    |xor_ln231_3_fu_3224_p2   |    xor   |      0|  0|   9|           8|           9|
    |xor_ln231_4_fu_3437_p2   |    xor   |      0|  0|   8|           8|           6|
    |xor_ln231_fu_2583_p2     |    xor   |      0|  0|   8|           8|           2|
    |xor_ln246_10_fu_2737_p2  |    xor   |      0|  0|   8|           8|           8|
    |xor_ln246_11_fu_2757_p2  |    xor   |      0|  0|   8|           8|           8|
    |xor_ln246_12_fu_2803_p2  |    xor   |      0|  0|   8|           8|           8|
    |xor_ln246_13_fu_2813_p2  |    xor   |      0|  0|   8|           8|           8|
    |xor_ln246_14_fu_2864_p2  |    xor   |      0|  0|   8|           8|           8|
    |xor_ln246_15_fu_2823_p2  |    xor   |      0|  0|   8|           8|           8|
    |xor_ln246_16_fu_2905_p2  |    xor   |      0|  0|   8|           8|           8|
    |xor_ln246_17_fu_2930_p2  |    xor   |      0|  0|   8|           8|           8|
    |xor_ln246_18_fu_2950_p2  |    xor   |      0|  0|   8|           8|           8|
    |xor_ln246_19_fu_2970_p2  |    xor   |      0|  0|   8|           8|           8|
    |xor_ln246_1_fu_2495_p2   |    xor   |      0|  0|   8|           8|           8|
    |xor_ln246_20_fu_3016_p2  |    xor   |      0|  0|   8|           8|           8|
    |xor_ln246_21_fu_3026_p2  |    xor   |      0|  0|   8|           8|           8|
    |xor_ln246_22_fu_3057_p2  |    xor   |      0|  0|   8|           8|           8|
    |xor_ln246_23_fu_3077_p2  |    xor   |      0|  0|   8|           8|           8|
    |xor_ln246_24_fu_3119_p2  |    xor   |      0|  0|   8|           8|           8|
    |xor_ln246_25_fu_3144_p2  |    xor   |      0|  0|   8|           8|           8|
    |xor_ln246_26_fu_3164_p2  |    xor   |      0|  0|   8|           8|           8|
    |xor_ln246_27_fu_3184_p2  |    xor   |      0|  0|   8|           8|           8|
    |xor_ln246_28_fu_3230_p2  |    xor   |      0|  0|   8|           8|           8|
    |xor_ln246_29_fu_3240_p2  |    xor   |      0|  0|   8|           8|           8|
    |xor_ln246_2_fu_2519_p2   |    xor   |      0|  0|   8|           8|           8|
    |xor_ln246_30_fu_3291_p2  |    xor   |      0|  0|   8|           8|           8|
    |xor_ln246_31_fu_3250_p2  |    xor   |      0|  0|   8|           8|           8|
    |xor_ln246_32_fu_3332_p2  |    xor   |      0|  0|   8|           8|           8|
    |xor_ln246_33_fu_3357_p2  |    xor   |      0|  0|   8|           8|           8|
    |xor_ln246_34_fu_3377_p2  |    xor   |      0|  0|   8|           8|           8|
    |xor_ln246_35_fu_3397_p2  |    xor   |      0|  0|   8|           8|           8|
    |xor_ln246_36_fu_3443_p2  |    xor   |      0|  0|   8|           8|           8|
    |xor_ln246_37_fu_3453_p2  |    xor   |      0|  0|   8|           8|           8|
    |xor_ln246_38_fu_3484_p2  |    xor   |      0|  0|   8|           8|           8|
    |xor_ln246_39_fu_3492_p2  |    xor   |      0|  0|   8|           8|           8|
    |xor_ln246_3_fu_2543_p2   |    xor   |      0|  0|   8|           8|           8|
    |xor_ln246_40_fu_2474_p2  |    xor   |      0|  0|   8|           1|           8|
    |xor_ln246_41_fu_2687_p2  |    xor   |      0|  0|   8|           8|           3|
    |xor_ln246_42_fu_2900_p2  |    xor   |      0|  0|   8|           8|           5|
    |xor_ln246_43_fu_3114_p2  |    xor   |      0|  0|   8|           8|           7|
    |xor_ln246_44_fu_3327_p2  |    xor   |      0|  0|   8|           8|           5|
    |xor_ln246_4_fu_2589_p2   |    xor   |      0|  0|   8|           8|           8|
    |xor_ln246_5_fu_2599_p2   |    xor   |      0|  0|   8|           8|           8|
    |xor_ln246_6_fu_2630_p2   |    xor   |      0|  0|   8|           8|           8|
    |xor_ln246_7_fu_2650_p2   |    xor   |      0|  0|   8|           8|           8|
    |xor_ln246_8_fu_2692_p2   |    xor   |      0|  0|   8|           8|           8|
    |xor_ln246_9_fu_2717_p2   |    xor   |      0|  0|   8|           8|           8|
    |xor_ln246_fu_2480_p2     |    xor   |      0|  0|   8|           8|           8|
    |xor_ln247_10_fu_2742_p2  |    xor   |      0|  0|   8|           8|           8|
    |xor_ln247_11_fu_2762_p2  |    xor   |      0|  0|   8|           8|           8|
    |xor_ln247_12_fu_2833_p2  |    xor   |      0|  0|   8|           8|           8|
    |xor_ln247_13_fu_2844_p2  |    xor   |      0|  0|   8|           8|           8|
    |xor_ln247_14_fu_2869_p2  |    xor   |      0|  0|   8|           8|           8|
    |xor_ln247_15_fu_2854_p2  |    xor   |      0|  0|   8|           8|           8|
    |xor_ln247_16_fu_2912_p2  |    xor   |      0|  0|   8|           8|           8|
    |xor_ln247_17_fu_2935_p2  |    xor   |      0|  0|   8|           8|           8|
    |xor_ln247_18_fu_2955_p2  |    xor   |      0|  0|   8|           8|           8|
    |xor_ln247_19_fu_2975_p2  |    xor   |      0|  0|   8|           8|           8|
    |xor_ln247_1_fu_2501_p2   |    xor   |      0|  0|   8|           8|           8|
    |xor_ln247_20_fu_3036_p2  |    xor   |      0|  0|   8|           8|           8|
    |xor_ln247_21_fu_3047_p2  |    xor   |      0|  0|   8|           8|           8|
    |xor_ln247_22_fu_3062_p2  |    xor   |      0|  0|   8|           8|           8|
    |xor_ln247_23_fu_3082_p2  |    xor   |      0|  0|   8|           8|           8|
    |xor_ln247_24_fu_3126_p2  |    xor   |      0|  0|   8|           8|           8|
    |xor_ln247_25_fu_3149_p2  |    xor   |      0|  0|   8|           8|           8|
    |xor_ln247_26_fu_3169_p2  |    xor   |      0|  0|   8|           8|           8|
    |xor_ln247_27_fu_3189_p2  |    xor   |      0|  0|   8|           8|           8|
    |xor_ln247_28_fu_3260_p2  |    xor   |      0|  0|   8|           8|           8|
    |xor_ln247_29_fu_3271_p2  |    xor   |      0|  0|   8|           8|           8|
    |xor_ln247_2_fu_2525_p2   |    xor   |      0|  0|   8|           8|           8|
    |xor_ln247_30_fu_3296_p2  |    xor   |      0|  0|   8|           8|           8|
    |xor_ln247_31_fu_3281_p2  |    xor   |      0|  0|   8|           8|           8|
    |xor_ln247_32_fu_3339_p2  |    xor   |      0|  0|   8|           8|           8|
    |xor_ln247_33_fu_3362_p2  |    xor   |      0|  0|   8|           8|           8|
    |xor_ln247_34_fu_3382_p2  |    xor   |      0|  0|   8|           8|           8|
    |xor_ln247_35_fu_3402_p2  |    xor   |      0|  0|   8|           8|           8|
    |xor_ln247_36_fu_3463_p2  |    xor   |      0|  0|   8|           8|           8|
    |xor_ln247_37_fu_3474_p2  |    xor   |      0|  0|   8|           8|           8|
    |xor_ln247_38_fu_3488_p2  |    xor   |      0|  0|   8|           8|           8|
    |xor_ln247_39_fu_3496_p2  |    xor   |      0|  0|   8|           8|           8|
    |xor_ln247_3_fu_2548_p2   |    xor   |      0|  0|   8|           8|           8|
    |xor_ln247_4_fu_2609_p2   |    xor   |      0|  0|   8|           8|           8|
    |xor_ln247_5_fu_2620_p2   |    xor   |      0|  0|   8|           8|           8|
    |xor_ln247_6_fu_2635_p2   |    xor   |      0|  0|   8|           8|           8|
    |xor_ln247_7_fu_2655_p2   |    xor   |      0|  0|   8|           8|           8|
    |xor_ln247_8_fu_2699_p2   |    xor   |      0|  0|   8|           8|           8|
    |xor_ln247_9_fu_2722_p2   |    xor   |      0|  0|   8|           8|           8|
    |xor_ln248_10_fu_2747_p2  |    xor   |      0|  0|   8|           8|           8|
    |xor_ln248_11_fu_2777_p2  |    xor   |      0|  0|   8|           8|           8|
    |xor_ln248_12_fu_2839_p2  |    xor   |      0|  0|   8|           8|           8|
    |xor_ln248_13_fu_2849_p2  |    xor   |      0|  0|   8|           8|           8|
    |xor_ln248_14_fu_2874_p2  |    xor   |      0|  0|   8|           8|           8|
    |xor_ln248_15_fu_2859_p2  |    xor   |      0|  0|   8|           8|           8|
    |xor_ln248_16_fu_2918_p2  |    xor   |      0|  0|   8|           8|           8|
    |xor_ln248_17_fu_2940_p2  |    xor   |      0|  0|   8|           8|           8|
    |xor_ln248_18_fu_2960_p2  |    xor   |      0|  0|   8|           8|           8|
    |xor_ln248_19_fu_2990_p2  |    xor   |      0|  0|   8|           8|           8|
    |xor_ln248_1_fu_2507_p2   |    xor   |      0|  0|   8|           8|           8|
    |xor_ln248_20_fu_3042_p2  |    xor   |      0|  0|   8|           8|           8|
    |xor_ln248_21_fu_3052_p2  |    xor   |      0|  0|   8|           8|           8|
    |xor_ln248_22_fu_3067_p2  |    xor   |      0|  0|   8|           8|           8|
    |xor_ln248_23_fu_3087_p2  |    xor   |      0|  0|   8|           8|           8|
    |xor_ln248_24_fu_3132_p2  |    xor   |      0|  0|   8|           8|           8|
    |xor_ln248_25_fu_3154_p2  |    xor   |      0|  0|   8|           8|           8|
    |xor_ln248_26_fu_3174_p2  |    xor   |      0|  0|   8|           8|           8|
    |xor_ln248_27_fu_3204_p2  |    xor   |      0|  0|   8|           8|           8|
    |xor_ln248_28_fu_3266_p2  |    xor   |      0|  0|   8|           8|           8|
    |xor_ln248_29_fu_3276_p2  |    xor   |      0|  0|   8|           8|           8|
    |xor_ln248_2_fu_2531_p2   |    xor   |      0|  0|   8|           8|           8|
    |xor_ln248_30_fu_3301_p2  |    xor   |      0|  0|   8|           8|           8|
    |xor_ln248_31_fu_3286_p2  |    xor   |      0|  0|   8|           8|           8|
    |xor_ln248_32_fu_3345_p2  |    xor   |      0|  0|   8|           8|           8|
    |xor_ln248_33_fu_3367_p2  |    xor   |      0|  0|   8|           8|           8|
    |xor_ln248_34_fu_3387_p2  |    xor   |      0|  0|   8|           8|           8|
    |xor_ln248_35_fu_3417_p2  |    xor   |      0|  0|   8|           8|           8|
    |xor_ln248_36_fu_3469_p2  |    xor   |      0|  0|   8|           8|           8|
    |xor_ln248_37_fu_3479_p2  |    xor   |      0|  0|   8|           8|           8|
    |xor_ln248_38_fu_3500_p2  |    xor   |      0|  0|   8|           8|           8|
    |xor_ln248_39_fu_3508_p2  |    xor   |      0|  0|   8|           8|           8|
    |xor_ln248_3_fu_2563_p2   |    xor   |      0|  0|   8|           8|           8|
    |xor_ln248_4_fu_2615_p2   |    xor   |      0|  0|   8|           8|           8|
    |xor_ln248_5_fu_2625_p2   |    xor   |      0|  0|   8|           8|           8|
    |xor_ln248_6_fu_2640_p2   |    xor   |      0|  0|   8|           8|           8|
    |xor_ln248_7_fu_2660_p2   |    xor   |      0|  0|   8|           8|           8|
    |xor_ln248_8_fu_2705_p2   |    xor   |      0|  0|   8|           8|           8|
    |xor_ln248_9_fu_2727_p2   |    xor   |      0|  0|   8|           8|           8|
    |xor_ln249_10_fu_2752_p2  |    xor   |      0|  0|   8|           8|           8|
    |xor_ln249_11_fu_2782_p2  |    xor   |      0|  0|   8|           8|           8|
    |xor_ln249_12_fu_2808_p2  |    xor   |      0|  0|   8|           8|           8|
    |xor_ln249_13_fu_2818_p2  |    xor   |      0|  0|   8|           8|           8|
    |xor_ln249_14_fu_2879_p2  |    xor   |      0|  0|   8|           8|           8|
    |xor_ln249_15_fu_2828_p2  |    xor   |      0|  0|   8|           8|           8|
    |xor_ln249_16_fu_2924_p2  |    xor   |      0|  0|   8|           8|           8|
    |xor_ln249_17_fu_2945_p2  |    xor   |      0|  0|   8|           8|           8|
    |xor_ln249_18_fu_2965_p2  |    xor   |      0|  0|   8|           8|           8|
    |xor_ln249_19_fu_2995_p2  |    xor   |      0|  0|   8|           8|           8|
    |xor_ln249_1_fu_2513_p2   |    xor   |      0|  0|   8|           8|           8|
    |xor_ln249_20_fu_3021_p2  |    xor   |      0|  0|   8|           8|           8|
    |xor_ln249_21_fu_3031_p2  |    xor   |      0|  0|   8|           8|           8|
    |xor_ln249_22_fu_3072_p2  |    xor   |      0|  0|   8|           8|           8|
    |xor_ln249_23_fu_3092_p2  |    xor   |      0|  0|   8|           8|           8|
    |xor_ln249_24_fu_3138_p2  |    xor   |      0|  0|   8|           8|           8|
    |xor_ln249_25_fu_3159_p2  |    xor   |      0|  0|   8|           8|           8|
    |xor_ln249_26_fu_3179_p2  |    xor   |      0|  0|   8|           8|           8|
    |xor_ln249_27_fu_3209_p2  |    xor   |      0|  0|   8|           8|           8|
    |xor_ln249_28_fu_3235_p2  |    xor   |      0|  0|   8|           8|           8|
    |xor_ln249_29_fu_3245_p2  |    xor   |      0|  0|   8|           8|           8|
    |xor_ln249_2_fu_2537_p2   |    xor   |      0|  0|   8|           8|           8|
    |xor_ln249_30_fu_3306_p2  |    xor   |      0|  0|   8|           8|           8|
    |xor_ln249_31_fu_3255_p2  |    xor   |      0|  0|   8|           8|           8|
    |xor_ln249_32_fu_3351_p2  |    xor   |      0|  0|   8|           8|           8|
    |xor_ln249_33_fu_3372_p2  |    xor   |      0|  0|   8|           8|           8|
    |xor_ln249_34_fu_3392_p2  |    xor   |      0|  0|   8|           8|           8|
    |xor_ln249_35_fu_3422_p2  |    xor   |      0|  0|   8|           8|           8|
    |xor_ln249_36_fu_3448_p2  |    xor   |      0|  0|   8|           8|           8|
    |xor_ln249_37_fu_3458_p2  |    xor   |      0|  0|   8|           8|           8|
    |xor_ln249_38_fu_3504_p2  |    xor   |      0|  0|   8|           8|           8|
    |xor_ln249_39_fu_3512_p2  |    xor   |      0|  0|   8|           8|           8|
    |xor_ln249_3_fu_2568_p2   |    xor   |      0|  0|   8|           8|           8|
    |xor_ln249_4_fu_2594_p2   |    xor   |      0|  0|   8|           8|           8|
    |xor_ln249_5_fu_2604_p2   |    xor   |      0|  0|   8|           8|           8|
    |xor_ln249_6_fu_2645_p2   |    xor   |      0|  0|   8|           8|           8|
    |xor_ln249_7_fu_2665_p2   |    xor   |      0|  0|   8|           8|           8|
    |xor_ln249_8_fu_2711_p2   |    xor   |      0|  0|   8|           8|           8|
    |xor_ln249_9_fu_2732_p2   |    xor   |      0|  0|   8|           8|           8|
    +-------------------------+----------+-------+---+----+------------+------------+
    |Total                    |          |      0|  0|1345|        1337|        1319|
    +-------------------------+----------+-------+---+----+------------+------------+

    * Multiplexer: 
    +-------------------+-----+-----------+-----+-----------+
    |        Name       | LUT | Input Size| Bits| Total Bits|
    +-------------------+-----+-----------+-----+-----------+
    |Key_address0       |   85|         17|    4|         68|
    |RoundKey_address0  |  389|         89|    8|        712|
    |RoundKey_address1  |  389|         89|    8|        712|
    |RoundKey_d0        |  345|         78|    8|        624|
    |RoundKey_d1        |  381|         87|    8|        696|
    |ap_NS_fsm          |  401|         92|    1|         92|
    |sbox_address0      |  109|         23|    8|        184|
    |sbox_address1      |   93|         19|    8|        152|
    +-------------------+-----+-----------+-----+-----------+
    |Total              | 2192|        494|   53|       3240|
    +-------------------+-----+-----------+-----+-----------+

    * Register: 
    +-----------------------+----+----+-----+-----------+
    |          Name         | FF | LUT| Bits| Const Bits|
    +-----------------------+----+----+-----+-----------+
    |Key_load_12_reg_3521   |   8|   0|    8|          0|
    |Key_load_13_reg_3535   |   8|   0|    8|          0|
    |Key_load_14_reg_3549   |   8|   0|    8|          0|
    |Key_load_15_reg_3568   |   8|   0|    8|          0|
    |Key_load_4_reg_3640    |   8|   0|    8|          0|
    |Key_load_5_reg_3655    |   8|   0|    8|          0|
    |Key_load_6_reg_3670    |   8|   0|    8|          0|
    |Key_load_7_reg_3685    |   8|   0|    8|          0|
    |ap_CS_fsm              |  91|   0|   91|          0|
    |xor_ln246_10_reg_3893  |   8|   0|    8|          0|
    |xor_ln246_12_reg_3941  |   8|   0|    8|          0|
    |xor_ln246_13_reg_3953  |   8|   0|    8|          0|
    |xor_ln246_15_reg_3969  |   8|   0|    8|          0|
    |xor_ln246_16_reg_4052  |   8|   0|    8|          0|
    |xor_ln246_18_reg_4080  |   8|   0|    8|          0|
    |xor_ln246_1_reg_3650   |   8|   0|    8|          0|
    |xor_ln246_20_reg_4128  |   8|   0|    8|          0|
    |xor_ln246_21_reg_4140  |   8|   0|    8|          0|
    |xor_ln246_23_reg_4187  |   8|   0|    8|          0|
    |xor_ln246_24_reg_4230  |   8|   0|    8|          0|
    |xor_ln246_26_reg_4258  |   8|   0|    8|          0|
    |xor_ln246_28_reg_4306  |   8|   0|    8|          0|
    |xor_ln246_29_reg_4318  |   8|   0|    8|          0|
    |xor_ln246_2_reg_3705   |   8|   0|    8|          0|
    |xor_ln246_31_reg_4334  |   8|   0|    8|          0|
    |xor_ln246_32_reg_4413  |   8|   0|    8|          0|
    |xor_ln246_34_reg_4441  |   8|   0|    8|          0|
    |xor_ln246_36_reg_4485  |   8|   0|    8|          0|
    |xor_ln246_37_reg_4495  |   8|   0|    8|          0|
    |xor_ln246_38_reg_4528  |   8|   0|    8|          0|
    |xor_ln246_39_reg_4538  |   8|   0|    8|          0|
    |xor_ln246_4_reg_3763   |   8|   0|    8|          0|
    |xor_ln246_5_reg_3775   |   8|   0|    8|          0|
    |xor_ln246_7_reg_3822   |   8|   0|    8|          0|
    |xor_ln246_8_reg_3865   |   8|   0|    8|          0|
    |xor_ln246_reg_3591     |   8|   0|    8|          0|
    |xor_ln247_10_reg_3900  |   8|   0|    8|          0|
    |xor_ln247_12_reg_3987  |   8|   0|    8|          0|
    |xor_ln247_13_reg_3998  |   8|   0|    8|          0|
    |xor_ln247_15_reg_4014  |   8|   0|    8|          0|
    |xor_ln247_16_reg_4059  |   8|   0|    8|          0|
    |xor_ln247_18_reg_4087  |   8|   0|    8|          0|
    |xor_ln247_1_reg_3665   |   8|   0|    8|          0|
    |xor_ln247_20_reg_4158  |   8|   0|    8|          0|
    |xor_ln247_21_reg_4169  |   8|   0|    8|          0|
    |xor_ln247_23_reg_4193  |   8|   0|    8|          0|
    |xor_ln247_24_reg_4237  |   8|   0|    8|          0|
    |xor_ln247_26_reg_4265  |   8|   0|    8|          0|
    |xor_ln247_28_reg_4350  |   8|   0|    8|          0|
    |xor_ln247_29_reg_4361  |   8|   0|    8|          0|
    |xor_ln247_2_reg_3717   |   8|   0|    8|          0|
    |xor_ln247_31_reg_4377  |   8|   0|    8|          0|
    |xor_ln247_32_reg_4420  |   8|   0|    8|          0|
    |xor_ln247_34_reg_4447  |   8|   0|    8|          0|
    |xor_ln247_37_reg_4514  |   8|   0|    8|          0|
    |xor_ln247_38_reg_4533  |   8|   0|    8|          0|
    |xor_ln247_39_reg_4543  |   8|   0|    8|          0|
    |xor_ln247_4_reg_3793   |   8|   0|    8|          0|
    |xor_ln247_5_reg_3804   |   8|   0|    8|          0|
    |xor_ln247_7_reg_3828   |   8|   0|    8|          0|
    |xor_ln247_8_reg_3872   |   8|   0|    8|          0|
    |xor_ln247_reg_3607     |   8|   0|    8|          0|
    |xor_ln248_10_reg_3907  |   8|   0|    8|          0|
    |xor_ln248_12_reg_3992  |   8|   0|    8|          0|
    |xor_ln248_13_reg_4006  |   8|   0|    8|          0|
    |xor_ln248_15_reg_4023  |   8|   0|    8|          0|
    |xor_ln248_16_reg_4066  |   8|   0|    8|          0|
    |xor_ln248_18_reg_4094  |   8|   0|    8|          0|
    |xor_ln248_1_reg_3680   |   8|   0|    8|          0|
    |xor_ln248_20_reg_4163  |   8|   0|    8|          0|
    |xor_ln248_21_reg_4178  |   8|   0|    8|          0|
    |xor_ln248_23_reg_4199  |   8|   0|    8|          0|
    |xor_ln248_24_reg_4244  |   8|   0|    8|          0|
    |xor_ln248_26_reg_4272  |   8|   0|    8|          0|
    |xor_ln248_28_reg_4355  |   8|   0|    8|          0|
    |xor_ln248_29_reg_4369  |   8|   0|    8|          0|
    |xor_ln248_2_reg_3729   |   8|   0|    8|          0|
    |xor_ln248_31_reg_4385  |   8|   0|    8|          0|
    |xor_ln248_32_reg_4427  |   8|   0|    8|          0|
    |xor_ln248_34_reg_4453  |   8|   0|    8|          0|
    |xor_ln248_36_reg_4509  |   8|   0|    8|          0|
    |xor_ln248_37_reg_4521  |   8|   0|    8|          0|
    |xor_ln248_38_reg_4548  |   8|   0|    8|          0|
    |xor_ln248_39_reg_4558  |   8|   0|    8|          0|
    |xor_ln248_4_reg_3798   |   8|   0|    8|          0|
    |xor_ln248_5_reg_3813   |   8|   0|    8|          0|
    |xor_ln248_7_reg_3834   |   8|   0|    8|          0|
    |xor_ln248_8_reg_3879   |   8|   0|    8|          0|
    |xor_ln248_reg_3623     |   8|   0|    8|          0|
    |xor_ln249_10_reg_3914  |   8|   0|    8|          0|
    |xor_ln249_12_reg_3947  |   8|   0|    8|          0|
    |xor_ln249_13_reg_3961  |   8|   0|    8|          0|
    |xor_ln249_15_reg_3978  |   8|   0|    8|          0|
    |xor_ln249_16_reg_4073  |   8|   0|    8|          0|
    |xor_ln249_18_reg_4101  |   8|   0|    8|          0|
    |xor_ln249_1_reg_3695   |   8|   0|    8|          0|
    |xor_ln249_20_reg_4134  |   8|   0|    8|          0|
    |xor_ln249_21_reg_4149  |   8|   0|    8|          0|
    |xor_ln249_23_reg_4204  |   8|   0|    8|          0|
    |xor_ln249_24_reg_4251  |   8|   0|    8|          0|
    |xor_ln249_26_reg_4279  |   8|   0|    8|          0|
    |xor_ln249_28_reg_4312  |   8|   0|    8|          0|
    |xor_ln249_29_reg_4326  |   8|   0|    8|          0|
    |xor_ln249_2_reg_3736   |   8|   0|    8|          0|
    |xor_ln249_31_reg_4342  |   8|   0|    8|          0|
    |xor_ln249_32_reg_4434  |   8|   0|    8|          0|
    |xor_ln249_34_reg_4459  |   8|   0|    8|          0|
    |xor_ln249_36_reg_4490  |   8|   0|    8|          0|
    |xor_ln249_37_reg_4502  |   8|   0|    8|          0|
    |xor_ln249_38_reg_4553  |   8|   0|    8|          0|
    |xor_ln249_39_reg_4563  |   8|   0|    8|          0|
    |xor_ln249_4_reg_3769   |   8|   0|    8|          0|
    |xor_ln249_5_reg_3784   |   8|   0|    8|          0|
    |xor_ln249_7_reg_3839   |   8|   0|    8|          0|
    |xor_ln249_8_reg_3886   |   8|   0|    8|          0|
    |xor_ln249_reg_3634     |   8|   0|    8|          0|
    +-----------------------+----+----+-----+-----------+
    |Total                  |1011|   0| 1011|          0|
    +-----------------------+----+----+-----+-----------+



================================================================
== Interface
================================================================
* Summary: 
+-------------------+-----+-----+------------+--------------+--------------+
|     RTL Ports     | Dir | Bits|  Protocol  | Source Object|    C Type    |
+-------------------+-----+-----+------------+--------------+--------------+
|ap_clk             |  in |    1| ap_ctrl_hs | KeyExpansion | return value |
|ap_rst             |  in |    1| ap_ctrl_hs | KeyExpansion | return value |
|ap_start           |  in |    1| ap_ctrl_hs | KeyExpansion | return value |
|ap_done            | out |    1| ap_ctrl_hs | KeyExpansion | return value |
|ap_idle            | out |    1| ap_ctrl_hs | KeyExpansion | return value |
|ap_ready           | out |    1| ap_ctrl_hs | KeyExpansion | return value |
|RoundKey_address0  | out |    8|  ap_memory |   RoundKey   |     array    |
|RoundKey_ce0       | out |    1|  ap_memory |   RoundKey   |     array    |
|RoundKey_we0       | out |    1|  ap_memory |   RoundKey   |     array    |
|RoundKey_d0        | out |    8|  ap_memory |   RoundKey   |     array    |
|RoundKey_address1  | out |    8|  ap_memory |   RoundKey   |     array    |
|RoundKey_ce1       | out |    1|  ap_memory |   RoundKey   |     array    |
|RoundKey_we1       | out |    1|  ap_memory |   RoundKey   |     array    |
|RoundKey_d1        | out |    8|  ap_memory |   RoundKey   |     array    |
|Key_address0       | out |    4|  ap_memory |      Key     |     array    |
|Key_ce0            | out |    1|  ap_memory |      Key     |     array    |
|Key_q0             |  in |    8|  ap_memory |      Key     |     array    |
+-------------------+-----+-----+------------+--------------+--------------+

