

================================================================
== Vivado HLS Report for 'KeyExpansion'
================================================================
* Date:           Tue Jul  4 10:55:26 2023

* Version:        2019.1 (Build 2552052 on Fri May 24 15:28:33 MDT 2019)
* Project:        aes_ha_basic_prj
* Solution:       sol2
* Product family: spartan7
* Target device:  xc7s15-ftgb196-2


================================================================
== Performance Estimates
================================================================
+ Timing (ns): 
    * Summary: 
    +--------+-------+----------+------------+
    |  Clock | Target| Estimated| Uncertainty|
    +--------+-------+----------+------------+
    |ap_clk  |  10.00|     6.130|        1.25|
    +--------+-------+----------+------------+

+ Latency (clock cycles): 
    * Summary: 
    +-----+-----+-----+-----+----------+
    |  Latency  |  Interval | Pipeline |
    | min | max | min | max |   Type   |
    +-----+-----+-----+-----+----------+
    |   92|   92|   88|   88| function |
    +-----+-----+-----+-----+----------+

    + Detail: 
        * Instance: 
        N/A

        * Loop: 
        N/A



================================================================
== Utilization Estimates
================================================================
* Summary: 
+-----------------+---------+-------+-------+------+-----+
|       Name      | BRAM_18K| DSP48E|   FF  |  LUT | URAM|
+-----------------+---------+-------+-------+------+-----+
|DSP              |        -|      -|      -|     -|    -|
|Expression       |        -|      -|      0|  1365|    -|
|FIFO             |        -|      -|      -|     -|    -|
|Instance         |        -|      -|      -|     -|    -|
|Memory           |        1|      -|      0|     0|    -|
|Multiplexer      |        -|      -|      -|  2169|    -|
|Register         |        -|      -|   1322|     -|    -|
+-----------------+---------+-------+-------+------+-----+
|Total            |        1|      0|   1322|  3534|    0|
+-----------------+---------+-------+-------+------+-----+
|Available        |       20|     20|  16000|  8000|    0|
+-----------------+---------+-------+-------+------+-----+
|Utilization (%)  |        5|      0|      8|    44|    0|
+-----------------+---------+-------+-------+------+-----+

+ Detail: 
    * Instance: 
    N/A

    * DSP48E: 
    N/A

    * Memory: 
    +--------+-------------------+---------+---+----+-----+------+-----+------+-------------+
    | Memory |       Module      | BRAM_18K| FF| LUT| URAM| Words| Bits| Banks| W*Bits*Banks|
    +--------+-------------------+---------+---+----+-----+------+-----+------+-------------+
    |sbox_U  |KeyExpansion_sbox  |        1|  0|   0|    0|   256|    8|     1|         2048|
    +--------+-------------------+---------+---+----+-----+------+-----+------+-------------+
    |Total   |                   |        1|  0|   0|    0|   256|    8|     1|         2048|
    +--------+-------------------+---------+---+----+-----+------+-----+------+-------------+

    * FIFO: 
    N/A

    * Expression: 
    +---------------------------+----------+-------+---+----+------------+------------+
    |       Variable Name       | Operation| DSP48E| FF| LUT| Bitwidth P0| Bitwidth P1|
    +---------------------------+----------+-------+---+----+------------+------------+
    |ap_block_pp0_stage0_11001  |    and   |      0|  0|   2|           1|           1|
    |ap_enable_pp0              |    xor   |      0|  0|   2|           1|           2|
    |xor_ln231_1_fu_2834_p2     |    xor   |      0|  0|   8|           8|           4|
    |xor_ln231_2_fu_3041_p2     |    xor   |      0|  0|   8|           8|           6|
    |xor_ln231_3_fu_3237_p2     |    xor   |      0|  0|   9|           8|           9|
    |xor_ln231_4_fu_3447_p2     |    xor   |      0|  0|   8|           8|           6|
    |xor_ln231_fu_2614_p2       |    xor   |      0|  0|   8|           8|           2|
    |xor_ln246_10_fu_2790_p2    |    xor   |      0|  0|   8|           8|           8|
    |xor_ln246_11_fu_2794_p2    |    xor   |      0|  0|   8|           8|           8|
    |xor_ln246_12_fu_2860_p2    |    xor   |      0|  0|   8|           8|           8|
    |xor_ln246_13_fu_2869_p2    |    xor   |      0|  0|   8|           8|           8|
    |xor_ln246_14_fu_3114_p2    |    xor   |      0|  0|   8|           8|           8|
    |xor_ln246_15_fu_2840_p2    |    xor   |      0|  0|   8|           8|           8|
    |xor_ln246_16_fu_2975_p2    |    xor   |      0|  0|   8|           8|           8|
    |xor_ln246_17_fu_3211_p2    |    xor   |      0|  0|   8|           8|           8|
    |xor_ln246_18_fu_2981_p2    |    xor   |      0|  0|   8|           8|           8|
    |xor_ln246_19_fu_2986_p2    |    xor   |      0|  0|   8|           8|           8|
    |xor_ln246_1_fu_2532_p2     |    xor   |      0|  0|   8|           8|           8|
    |xor_ln246_20_fu_3160_p2    |    xor   |      0|  0|   8|           8|           8|
    |xor_ln246_21_fu_3047_p2    |    xor   |      0|  0|   8|           8|           8|
    |xor_ln246_22_fu_3362_p2    |    xor   |      0|  0|   8|           8|           8|
    |xor_ln246_23_fu_3052_p2    |    xor   |      0|  0|   8|           8|           8|
    |xor_ln246_24_fu_3170_p2    |    xor   |      0|  0|   8|           8|           8|
    |xor_ln246_25_fu_3382_p2    |    xor   |      0|  0|   8|           8|           8|
    |xor_ln246_26_fu_3176_p2    |    xor   |      0|  0|   8|           8|           8|
    |xor_ln246_27_fu_3181_p2    |    xor   |      0|  0|   8|           8|           8|
    |xor_ln246_28_fu_3331_p2    |    xor   |      0|  0|   8|           8|           8|
    |xor_ln246_29_fu_3390_p2    |    xor   |      0|  0|   8|           8|           8|
    |xor_ln246_2_fu_2556_p2     |    xor   |      0|  0|   8|           8|           8|
    |xor_ln246_30_fu_3417_p2    |    xor   |      0|  0|   8|           8|           8|
    |xor_ln246_31_fu_3243_p2    |    xor   |      0|  0|   8|           8|           8|
    |xor_ln246_32_fu_3341_p2    |    xor   |      0|  0|   8|           8|           8|
    |xor_ln246_33_fu_3437_p2    |    xor   |      0|  0|   8|           8|           8|
    |xor_ln246_34_fu_3347_p2    |    xor   |      0|  0|   8|           8|           8|
    |xor_ln246_35_fu_3352_p2    |    xor   |      0|  0|   8|           8|           8|
    |xor_ln246_36_fu_3453_p2    |    xor   |      0|  0|   8|           8|           8|
    |xor_ln246_37_fu_3463_p2    |    xor   |      0|  0|   8|           8|           8|
    |xor_ln246_38_fu_3501_p2    |    xor   |      0|  0|   8|           8|           8|
    |xor_ln246_39_fu_3509_p2    |    xor   |      0|  0|   8|           8|           8|
    |xor_ln246_3_fu_2562_p2     |    xor   |      0|  0|   8|           8|           8|
    |xor_ln246_40_fu_2498_p2    |    xor   |      0|  0|   8|           1|           8|
    |xor_ln246_41_fu_2693_p2    |    xor   |      0|  0|   8|           8|           3|
    |xor_ln246_42_fu_2970_p2    |    xor   |      0|  0|   8|           8|           5|
    |xor_ln246_43_fu_3164_p2    |    xor   |      0|  0|   8|           8|           7|
    |xor_ln246_44_fu_3335_p2    |    xor   |      0|  0|   8|           8|           5|
    |xor_ln246_4_fu_2620_p2     |    xor   |      0|  0|   8|           8|           8|
    |xor_ln246_5_fu_2625_p2     |    xor   |      0|  0|   8|           8|           8|
    |xor_ln246_6_fu_2756_p2     |    xor   |      0|  0|   8|           8|           8|
    |xor_ln246_7_fu_2709_p2     |    xor   |      0|  0|   8|           8|           8|
    |xor_ln246_8_fu_2698_p2     |    xor   |      0|  0|   8|           8|           8|
    |xor_ln246_9_fu_2850_p2     |    xor   |      0|  0|   8|           8|           8|
    |xor_ln246_fu_2504_p2       |    xor   |      0|  0|   8|           8|           8|
    |xor_ln247_10_fu_2728_p2    |    xor   |      0|  0|   8|           8|           8|
    |xor_ln247_11_fu_2732_p2    |    xor   |      0|  0|   8|           8|           8|
    |xor_ln247_12_fu_2864_p2    |    xor   |      0|  0|   8|           8|           8|
    |xor_ln247_13_fu_2873_p2    |    xor   |      0|  0|   8|           8|           8|
    |xor_ln247_14_fu_3119_p2    |    xor   |      0|  0|   8|           8|           8|
    |xor_ln247_15_fu_2804_p2    |    xor   |      0|  0|   8|           8|           8|
    |xor_ln247_16_fu_2878_p2    |    xor   |      0|  0|   8|           8|           8|
    |xor_ln247_17_fu_3215_p2    |    xor   |      0|  0|   8|           8|           8|
    |xor_ln247_18_fu_2884_p2    |    xor   |      0|  0|   8|           8|           8|
    |xor_ln247_19_fu_2889_p2    |    xor   |      0|  0|   8|           8|           8|
    |xor_ln247_1_fu_2538_p2     |    xor   |      0|  0|   8|           8|           8|
    |xor_ln247_20_fu_3062_p2    |    xor   |      0|  0|   8|           8|           8|
    |xor_ln247_21_fu_2996_p2    |    xor   |      0|  0|   8|           8|           8|
    |xor_ln247_22_fu_3367_p2    |    xor   |      0|  0|   8|           8|           8|
    |xor_ln247_23_fu_3001_p2    |    xor   |      0|  0|   8|           8|           8|
    |xor_ln247_24_fu_3067_p2    |    xor   |      0|  0|   8|           8|           8|
    |xor_ln247_25_fu_3386_p2    |    xor   |      0|  0|   8|           8|           8|
    |xor_ln247_26_fu_3073_p2    |    xor   |      0|  0|   8|           8|           8|
    |xor_ln247_27_fu_3078_p2    |    xor   |      0|  0|   8|           8|           8|
    |xor_ln247_28_fu_3253_p2    |    xor   |      0|  0|   8|           8|           8|
    |xor_ln247_29_fu_3394_p2    |    xor   |      0|  0|   8|           8|           8|
    |xor_ln247_2_fu_2572_p2     |    xor   |      0|  0|   8|           8|           8|
    |xor_ln247_30_fu_3422_p2    |    xor   |      0|  0|   8|           8|           8|
    |xor_ln247_31_fu_3191_p2    |    xor   |      0|  0|   8|           8|           8|
    |xor_ln247_32_fu_3258_p2    |    xor   |      0|  0|   8|           8|           8|
    |xor_ln247_33_fu_3442_p2    |    xor   |      0|  0|   8|           8|           8|
    |xor_ln247_34_fu_3264_p2    |    xor   |      0|  0|   8|           8|           8|
    |xor_ln247_35_fu_3269_p2    |    xor   |      0|  0|   8|           8|           8|
    |xor_ln247_36_fu_3458_p2    |    xor   |      0|  0|   8|           8|           8|
    |xor_ln247_37_fu_3468_p2    |    xor   |      0|  0|   8|           8|           8|
    |xor_ln247_38_fu_3505_p2    |    xor   |      0|  0|   8|           8|           8|
    |xor_ln247_39_fu_3513_p2    |    xor   |      0|  0|   8|           8|           8|
    |xor_ln247_3_fu_2578_p2     |    xor   |      0|  0|   8|           8|           8|
    |xor_ln247_4_fu_2646_p2     |    xor   |      0|  0|   8|           8|           8|
    |xor_ln247_5_fu_2651_p2     |    xor   |      0|  0|   8|           8|           8|
    |xor_ln247_6_fu_2761_p2     |    xor   |      0|  0|   8|           8|           8|
    |xor_ln247_7_fu_2666_p2     |    xor   |      0|  0|   8|           8|           8|
    |xor_ln247_8_fu_2704_p2     |    xor   |      0|  0|   8|           8|           8|
    |xor_ln247_9_fu_2855_p2     |    xor   |      0|  0|   8|           8|           8|
    |xor_ln247_fu_2511_p2       |    xor   |      0|  0|   8|           8|           8|
    |xor_ln248_10_fu_2742_p2    |    xor   |      0|  0|   8|           8|           8|
    |xor_ln248_11_fu_2746_p2    |    xor   |      0|  0|   8|           8|           8|
    |xor_ln248_12_fu_2909_p2    |    xor   |      0|  0|   8|           8|           8|
    |xor_ln248_13_fu_2919_p2    |    xor   |      0|  0|   8|           8|           8|
    |xor_ln248_14_fu_3150_p2    |    xor   |      0|  0|   8|           8|           8|
    |xor_ln248_15_fu_2814_p2    |    xor   |      0|  0|   8|           8|           8|
    |xor_ln248_16_fu_2929_p2    |    xor   |      0|  0|   8|           8|           8|
    |xor_ln248_17_fu_3229_p2    |    xor   |      0|  0|   8|           8|           8|
    |xor_ln248_18_fu_2935_p2    |    xor   |      0|  0|   8|           8|           8|
    |xor_ln248_19_fu_2940_p2    |    xor   |      0|  0|   8|           8|           8|
    |xor_ln248_1_fu_2544_p2     |    xor   |      0|  0|   8|           8|           8|
    |xor_ln248_20_fu_3088_p2    |    xor   |      0|  0|   8|           8|           8|
    |xor_ln248_21_fu_3011_p2    |    xor   |      0|  0|   8|           8|           8|
    |xor_ln248_22_fu_3372_p2    |    xor   |      0|  0|   8|           8|           8|
    |xor_ln248_23_fu_3016_p2    |    xor   |      0|  0|   8|           8|           8|
    |xor_ln248_24_fu_3093_p2    |    xor   |      0|  0|   8|           8|           8|
    |xor_ln248_25_fu_3399_p2    |    xor   |      0|  0|   8|           8|           8|
    |xor_ln248_26_fu_3099_p2    |    xor   |      0|  0|   8|           8|           8|
    |xor_ln248_27_fu_3104_p2    |    xor   |      0|  0|   8|           8|           8|
    |xor_ln248_28_fu_3279_p2    |    xor   |      0|  0|   8|           8|           8|
    |xor_ln248_29_fu_3407_p2    |    xor   |      0|  0|   8|           8|           8|
    |xor_ln248_2_fu_2598_p2     |    xor   |      0|  0|   8|           8|           8|
    |xor_ln248_30_fu_3427_p2    |    xor   |      0|  0|   8|           8|           8|
    |xor_ln248_31_fu_3201_p2    |    xor   |      0|  0|   8|           8|           8|
    |xor_ln248_32_fu_3284_p2    |    xor   |      0|  0|   8|           8|           8|
    |xor_ln248_33_fu_3473_p2    |    xor   |      0|  0|   8|           8|           8|
    |xor_ln248_34_fu_3290_p2    |    xor   |      0|  0|   8|           8|           8|
    |xor_ln248_35_fu_3295_p2    |    xor   |      0|  0|   8|           8|           8|
    |xor_ln248_36_fu_3483_p2    |    xor   |      0|  0|   8|           8|           8|
    |xor_ln248_37_fu_3492_p2    |    xor   |      0|  0|   8|           8|           8|
    |xor_ln248_38_fu_3517_p2    |    xor   |      0|  0|   8|           8|           8|
    |xor_ln248_39_fu_3525_p2    |    xor   |      0|  0|   8|           8|           8|
    |xor_ln248_3_fu_2604_p2     |    xor   |      0|  0|   8|           8|           8|
    |xor_ln248_4_fu_2656_p2     |    xor   |      0|  0|   8|           8|           8|
    |xor_ln248_5_fu_2661_p2     |    xor   |      0|  0|   8|           8|           8|
    |xor_ln248_6_fu_2780_p2     |    xor   |      0|  0|   8|           8|           8|
    |xor_ln248_7_fu_2675_p2     |    xor   |      0|  0|   8|           8|           8|
    |xor_ln248_8_fu_2718_p2     |    xor   |      0|  0|   8|           8|           8|
    |xor_ln248_9_fu_2899_p2     |    xor   |      0|  0|   8|           8|           8|
    |xor_ln248_fu_2518_p2       |    xor   |      0|  0|   8|           8|           8|
    |xor_ln249_10_fu_2766_p2    |    xor   |      0|  0|   8|           8|           8|
    |xor_ln249_11_fu_2770_p2    |    xor   |      0|  0|   8|           8|           8|
    |xor_ln249_12_fu_2914_p2    |    xor   |      0|  0|   8|           8|           8|
    |xor_ln249_13_fu_2924_p2    |    xor   |      0|  0|   8|           8|           8|
    |xor_ln249_14_fu_3155_p2    |    xor   |      0|  0|   8|           8|           8|
    |xor_ln249_15_fu_2824_p2    |    xor   |      0|  0|   8|           8|           8|
    |xor_ln249_16_fu_2950_p2    |    xor   |      0|  0|   8|           8|           8|
    |xor_ln249_17_fu_3233_p2    |    xor   |      0|  0|   8|           8|           8|
    |xor_ln249_18_fu_2955_p2    |    xor   |      0|  0|   8|           8|           8|
    |xor_ln249_19_fu_2960_p2    |    xor   |      0|  0|   8|           8|           8|
    |xor_ln249_1_fu_2550_p2     |    xor   |      0|  0|   8|           8|           8|
    |xor_ln249_20_fu_3124_p2    |    xor   |      0|  0|   8|           8|           8|
    |xor_ln249_21_fu_3026_p2    |    xor   |      0|  0|   8|           8|           8|
    |xor_ln249_22_fu_3377_p2    |    xor   |      0|  0|   8|           8|           8|
    |xor_ln249_23_fu_3031_p2    |    xor   |      0|  0|   8|           8|           8|
    |xor_ln249_24_fu_3129_p2    |    xor   |      0|  0|   8|           8|           8|
    |xor_ln249_25_fu_3403_p2    |    xor   |      0|  0|   8|           8|           8|
    |xor_ln249_26_fu_3135_p2    |    xor   |      0|  0|   8|           8|           8|
    |xor_ln249_27_fu_3140_p2    |    xor   |      0|  0|   8|           8|           8|
    |xor_ln249_28_fu_3305_p2    |    xor   |      0|  0|   8|           8|           8|
    |xor_ln249_29_fu_3412_p2    |    xor   |      0|  0|   8|           8|           8|
    |xor_ln249_2_fu_2630_p2     |    xor   |      0|  0|   8|           8|           8|
    |xor_ln249_30_fu_3432_p2    |    xor   |      0|  0|   8|           8|           8|
    |xor_ln249_31_fu_3219_p2    |    xor   |      0|  0|   8|           8|           8|
    |xor_ln249_32_fu_3310_p2    |    xor   |      0|  0|   8|           8|           8|
    |xor_ln249_33_fu_3478_p2    |    xor   |      0|  0|   8|           8|           8|
    |xor_ln249_34_fu_3316_p2    |    xor   |      0|  0|   8|           8|           8|
    |xor_ln249_35_fu_3321_p2    |    xor   |      0|  0|   8|           8|           8|
    |xor_ln249_36_fu_3488_p2    |    xor   |      0|  0|   8|           8|           8|
    |xor_ln249_37_fu_3497_p2    |    xor   |      0|  0|   8|           8|           8|
    |xor_ln249_38_fu_3521_p2    |    xor   |      0|  0|   8|           8|           8|
    |xor_ln249_39_fu_3529_p2    |    xor   |      0|  0|   8|           8|           8|
    |xor_ln249_3_fu_2636_p2     |    xor   |      0|  0|   8|           8|           8|
    |xor_ln249_4_fu_2588_p2     |    xor   |      0|  0|   8|           8|           8|
    |xor_ln249_5_fu_2593_p2     |    xor   |      0|  0|   8|           8|           8|
    |xor_ln249_6_fu_2785_p2     |    xor   |      0|  0|   8|           8|           8|
    |xor_ln249_7_fu_2684_p2     |    xor   |      0|  0|   8|           8|           8|
    |xor_ln249_8_fu_2723_p2     |    xor   |      0|  0|   8|           8|           8|
    |xor_ln249_9_fu_2904_p2     |    xor   |      0|  0|   8|           8|           8|
    |xor_ln249_fu_2525_p2       |    xor   |      0|  0|   8|           8|           8|
    +---------------------------+----------+-------+---+----+------------+------------+
    |Total                      |          |      0|  0|1365|        1355|        1338|
    +---------------------------+----------+-------+---+----+------------+------------+

    * Multiplexer: 
    +-------------------------+-----+-----------+-----+-----------+
    |           Name          | LUT | Input Size| Bits| Total Bits|
    +-------------------------+-----+-----------+-----+-----------+
    |Key_address0             |   85|         17|    4|         68|
    |RoundKey_address0        |  389|         89|    8|        712|
    |RoundKey_address1        |  389|         89|    8|        712|
    |RoundKey_d0              |  329|         74|    8|        592|
    |RoundKey_d1              |  389|         89|    8|        712|
    |ap_NS_fsm                |  389|         89|    1|         89|
    |ap_enable_reg_pp0_iter0  |    9|          2|    1|          2|
    |ap_enable_reg_pp0_iter1  |    9|          2|    1|          2|
    |sbox_address0            |  181|         41|    8|        328|
    +-------------------------+-----+-----------+-----+-----------+
    |Total                    | 2169|        492|   47|       3217|
    +-------------------------+-----+-----------+-----+-----------+

    * Register: 
    +-----------------------------+----+----+-----+-----------+
    |             Name            | FF | LUT| Bits| Const Bits|
    +-----------------------------+----+----+-----+-----------+
    |Key_load_12_reg_3538         |   8|   0|    8|          0|
    |Key_load_13_reg_3555         |   8|   0|    8|          0|
    |Key_load_14_reg_3572         |   8|   0|    8|          0|
    |Key_load_15_reg_3594         |   8|   0|    8|          0|
    |Key_load_4_reg_3650          |   8|   0|    8|          0|
    |Key_load_5_reg_3665          |   8|   0|    8|          0|
    |Key_load_6_reg_3680          |   8|   0|    8|          0|
    |Key_load_7_reg_3695          |   8|   0|    8|          0|
    |ap_CS_fsm                    |  88|   0|   88|          0|
    |ap_enable_reg_pp0_iter0_reg  |   1|   0|    1|          0|
    |ap_enable_reg_pp0_iter1      |   1|   0|    1|          0|
    |reg_2454                     |   8|   0|    8|          0|
    |reg_2458                     |   8|   0|    8|          0|
    |reg_2462                     |   8|   0|    8|          0|
    |reg_2466                     |   8|   0|    8|          0|
    |reg_2470                     |   8|   0|    8|          0|
    |reg_2474                     |   8|   0|    8|          0|
    |sbox_load_51_reg_4584        |   8|   0|    8|          0|
    |xor_ln231_1_reg_4032         |   8|   0|    8|          0|
    |xor_ln231_2_reg_4258         |   8|   0|    8|          0|
    |xor_ln231_3_reg_4454         |   8|   0|    8|          0|
    |xor_ln246_10_reg_3976        |   8|   0|    8|          0|
    |xor_ln246_11_reg_3983        |   8|   0|    8|          0|
    |xor_ln246_12_reg_4051        |   8|   0|    8|          0|
    |xor_ln246_13_reg_4062        |   8|   0|    8|          0|
    |xor_ln246_15_reg_4038        |   8|   0|    8|          0|
    |xor_ln246_16_reg_4177        |   8|   0|    8|          0|
    |xor_ln246_17_reg_4422        |   8|   0|    8|          0|
    |xor_ln246_18_reg_4184        |   8|   0|    8|          0|
    |xor_ln246_19_reg_4191        |   8|   0|    8|          0|
    |xor_ln246_1_reg_3660         |   8|   0|    8|          0|
    |xor_ln246_20_reg_4369        |   8|   0|    8|          0|
    |xor_ln246_21_reg_4263        |   8|   0|    8|          0|
    |xor_ln246_23_reg_4271        |   8|   0|    8|          0|
    |xor_ln246_24_reg_4374        |   8|   0|    8|          0|
    |xor_ln246_25_reg_4590        |   8|   0|    8|          0|
    |xor_ln246_26_reg_4381        |   8|   0|    8|          0|
    |xor_ln246_27_reg_4388        |   8|   0|    8|          0|
    |xor_ln246_28_reg_4556        |   8|   0|    8|          0|
    |xor_ln246_29_reg_4600        |   8|   0|    8|          0|
    |xor_ln246_2_reg_3715         |   8|   0|    8|          0|
    |xor_ln246_31_reg_4460        |   8|   0|    8|          0|
    |xor_ln246_32_reg_4561        |   8|   0|    8|          0|
    |xor_ln246_34_reg_4568        |   8|   0|    8|          0|
    |xor_ln246_35_reg_4574        |   8|   0|    8|          0|
    |xor_ln246_36_reg_4642        |   8|   0|    8|          0|
    |xor_ln246_37_reg_4652        |   8|   0|    8|          0|
    |xor_ln246_38_reg_4690        |   8|   0|    8|          0|
    |xor_ln246_39_reg_4700        |   8|   0|    8|          0|
    |xor_ln246_3_reg_3721         |   8|   0|    8|          0|
    |xor_ln246_4_reg_3788         |   8|   0|    8|          0|
    |xor_ln246_5_reg_3794         |   8|   0|    8|          0|
    |xor_ln246_7_reg_3898         |   8|   0|    8|          0|
    |xor_ln246_8_reg_3882         |   8|   0|    8|          0|
    |xor_ln246_reg_3611           |   8|   0|    8|          0|
    |xor_ln247_10_reg_3925        |   8|   0|    8|          0|
    |xor_ln247_11_reg_3932        |   8|   0|    8|          0|
    |xor_ln247_12_reg_4057        |   8|   0|    8|          0|
    |xor_ln247_13_reg_4070        |   8|   0|    8|          0|
    |xor_ln247_15_reg_3993        |   8|   0|    8|          0|
    |xor_ln247_16_reg_4078        |   8|   0|    8|          0|
    |xor_ln247_17_reg_4427        |   8|   0|    8|          0|
    |xor_ln247_18_reg_4085        |   8|   0|    8|          0|
    |xor_ln247_19_reg_4092        |   8|   0|    8|          0|
    |xor_ln247_1_reg_3675         |   8|   0|    8|          0|
    |xor_ln247_20_reg_4282        |   8|   0|    8|          0|
    |xor_ln247_21_reg_4201        |   8|   0|    8|          0|
    |xor_ln247_23_reg_4209        |   8|   0|    8|          0|
    |xor_ln247_24_reg_4287        |   8|   0|    8|          0|
    |xor_ln247_25_reg_4595        |   8|   0|    8|          0|
    |xor_ln247_26_reg_4294        |   8|   0|    8|          0|
    |xor_ln247_27_reg_4301        |   8|   0|    8|          0|
    |xor_ln247_28_reg_4472        |   8|   0|    8|          0|
    |xor_ln247_29_reg_4608        |   8|   0|    8|          0|
    |xor_ln247_2_reg_3736         |   8|   0|    8|          0|
    |xor_ln247_31_reg_4398        |   8|   0|    8|          0|
    |xor_ln247_32_reg_4477        |   8|   0|    8|          0|
    |xor_ln247_34_reg_4484        |   8|   0|    8|          0|
    |xor_ln247_35_reg_4490        |   8|   0|    8|          0|
    |xor_ln247_36_reg_4647        |   8|   0|    8|          0|
    |xor_ln247_37_reg_4659        |   8|   0|    8|          0|
    |xor_ln247_38_reg_4695        |   8|   0|    8|          0|
    |xor_ln247_39_reg_4705        |   8|   0|    8|          0|
    |xor_ln247_3_reg_3742         |   8|   0|    8|          0|
    |xor_ln247_4_reg_3819         |   8|   0|    8|          0|
    |xor_ln247_5_reg_3825         |   8|   0|    8|          0|
    |xor_ln247_7_reg_3849         |   8|   0|    8|          0|
    |xor_ln247_8_reg_3890         |   8|   0|    8|          0|
    |xor_ln247_reg_3622           |   8|   0|    8|          0|
    |xor_ln248_10_reg_3942        |   8|   0|    8|          0|
    |xor_ln248_11_reg_3949        |   8|   0|    8|          0|
    |xor_ln248_12_reg_4102        |   8|   0|    8|          0|
    |xor_ln248_13_reg_4113        |   8|   0|    8|          0|
    |xor_ln248_15_reg_4006        |   8|   0|    8|          0|
    |xor_ln248_16_reg_4129        |   8|   0|    8|          0|
    |xor_ln248_17_reg_4444        |   8|   0|    8|          0|
    |xor_ln248_18_reg_4136        |   8|   0|    8|          0|
    |xor_ln248_19_reg_4143        |   8|   0|    8|          0|
    |xor_ln248_1_reg_3690         |   8|   0|    8|          0|
    |xor_ln248_20_reg_4311        |   8|   0|    8|          0|
    |xor_ln248_21_reg_4220        |   8|   0|    8|          0|
    |xor_ln248_23_reg_4228        |   8|   0|    8|          0|
    |xor_ln248_24_reg_4316        |   8|   0|    8|          0|
    |xor_ln248_25_reg_4616        |   8|   0|    8|          0|
    |xor_ln248_26_reg_4323        |   8|   0|    8|          0|
    |xor_ln248_27_reg_4330        |   8|   0|    8|          0|
    |xor_ln248_28_reg_4500        |   8|   0|    8|          0|
    |xor_ln248_29_reg_4626        |   8|   0|    8|          0|
    |xor_ln248_2_reg_3772         |   8|   0|    8|          0|
    |xor_ln248_31_reg_4410        |   8|   0|    8|          0|
    |xor_ln248_32_reg_4505        |   8|   0|    8|          0|
    |xor_ln248_34_reg_4512        |   8|   0|    8|          0|
    |xor_ln248_35_reg_4518        |   8|   0|    8|          0|
    |xor_ln248_36_reg_4666        |   8|   0|    8|          0|
    |xor_ln248_37_reg_4676        |   8|   0|    8|          0|
    |xor_ln248_38_reg_4710        |   8|   0|    8|          0|
    |xor_ln248_39_reg_4720        |   8|   0|    8|          0|
    |xor_ln248_3_reg_3778         |   8|   0|    8|          0|
    |xor_ln248_4_reg_3834         |   8|   0|    8|          0|
    |xor_ln248_5_reg_3840         |   8|   0|    8|          0|
    |xor_ln248_7_reg_3860         |   8|   0|    8|          0|
    |xor_ln248_8_reg_3909         |   8|   0|    8|          0|
    |xor_ln248_reg_3633           |   8|   0|    8|          0|
    |xor_ln249_10_reg_3959        |   8|   0|    8|          0|
    |xor_ln249_11_reg_3966        |   8|   0|    8|          0|
    |xor_ln249_12_reg_4107        |   8|   0|    8|          0|
    |xor_ln249_13_reg_4121        |   8|   0|    8|          0|
    |xor_ln249_15_reg_4019        |   8|   0|    8|          0|
    |xor_ln249_16_reg_4153        |   8|   0|    8|          0|
    |xor_ln249_17_reg_4449        |   8|   0|    8|          0|
    |xor_ln249_18_reg_4160        |   8|   0|    8|          0|
    |xor_ln249_19_reg_4167        |   8|   0|    8|          0|
    |xor_ln249_1_reg_3705         |   8|   0|    8|          0|
    |xor_ln249_20_reg_4340        |   8|   0|    8|          0|
    |xor_ln249_21_reg_4239        |   8|   0|    8|          0|
    |xor_ln249_23_reg_4247        |   8|   0|    8|          0|
    |xor_ln249_24_reg_4345        |   8|   0|    8|          0|
    |xor_ln249_25_reg_4621        |   8|   0|    8|          0|
    |xor_ln249_26_reg_4352        |   8|   0|    8|          0|
    |xor_ln249_27_reg_4359        |   8|   0|    8|          0|
    |xor_ln249_28_reg_4528        |   8|   0|    8|          0|
    |xor_ln249_29_reg_4634        |   8|   0|    8|          0|
    |xor_ln249_2_reg_3803         |   8|   0|    8|          0|
    |xor_ln249_31_reg_4432        |   8|   0|    8|          0|
    |xor_ln249_32_reg_4533        |   8|   0|    8|          0|
    |xor_ln249_34_reg_4540        |   8|   0|    8|          0|
    |xor_ln249_35_reg_4546        |   8|   0|    8|          0|
    |xor_ln249_36_reg_4671        |   8|   0|    8|          0|
    |xor_ln249_37_reg_4683        |   8|   0|    8|          0|
    |xor_ln249_38_reg_4715        |   8|   0|    8|          0|
    |xor_ln249_39_reg_4725        |   8|   0|    8|          0|
    |xor_ln249_3_reg_3809         |   8|   0|    8|          0|
    |xor_ln249_4_reg_3752         |   8|   0|    8|          0|
    |xor_ln249_5_reg_3758         |   8|   0|    8|          0|
    |xor_ln249_7_reg_3871         |   8|   0|    8|          0|
    |xor_ln249_8_reg_3917         |   8|   0|    8|          0|
    |xor_ln249_reg_3644           |   8|   0|    8|          0|
    +-----------------------------+----+----+-----+-----------+
    |Total                        |1322|   0| 1322|          0|
    +-----------------------------+----+----+-----+-----------+



================================================================
== Interface
================================================================
* Summary: 
+-------------------+-----+-----+------------+--------------+--------------+
|     RTL Ports     | Dir | Bits|  Protocol  | Source Object|    C Type    |
+-------------------+-----+-----+------------+--------------+--------------+
|ap_clk             |  in |    1| ap_ctrl_hs | KeyExpansion | return value |
|ap_rst             |  in |    1| ap_ctrl_hs | KeyExpansion | return value |
|ap_start           |  in |    1| ap_ctrl_hs | KeyExpansion | return value |
|ap_done            | out |    1| ap_ctrl_hs | KeyExpansion | return value |
|ap_idle            | out |    1| ap_ctrl_hs | KeyExpansion | return value |
|ap_ready           | out |    1| ap_ctrl_hs | KeyExpansion | return value |
|RoundKey_address0  | out |    8|  ap_memory |   RoundKey   |     array    |
|RoundKey_ce0       | out |    1|  ap_memory |   RoundKey   |     array    |
|RoundKey_we0       | out |    1|  ap_memory |   RoundKey   |     array    |
|RoundKey_d0        | out |    8|  ap_memory |   RoundKey   |     array    |
|RoundKey_address1  | out |    8|  ap_memory |   RoundKey   |     array    |
|RoundKey_ce1       | out |    1|  ap_memory |   RoundKey   |     array    |
|RoundKey_we1       | out |    1|  ap_memory |   RoundKey   |     array    |
|RoundKey_d1        | out |    8|  ap_memory |   RoundKey   |     array    |
|Key_address0       | out |    4|  ap_memory |      Key     |     array    |
|Key_ce0            | out |    1|  ap_memory |      Key     |     array    |
|Key_q0             |  in |    8|  ap_memory |      Key     |     array    |
+-------------------+-----+-----+------------+--------------+--------------+

